Archive member included to satisfy reference by file (symbol)

C:/Program Files/SEGGER/SEGGER Embedded Studio for ARM 5.40c/lib/libc_v6m_t_le_eabi_small.a(libvfprintf.o)
                              (__vfprintf_int_nwp)
C:/Program Files/SEGGER/SEGGER Embedded Studio for ARM 5.40c/lib/libc_v6m_t_le_eabi_small.a(libvfscanf.o)
                              (__vfscanf_int)
C:/Program Files/SEGGER/SEGGER Embedded Studio for ARM 5.40c/lib/libc_v6m_t_le_eabi_small.a(libc_asm.o)
                              C:/Program Files/SEGGER/SEGGER Embedded Studio for ARM 5.40c/lib/libc_v6m_t_le_eabi_small.a(libvfprintf.o) (__aeabi_uldivmod)
C:/Program Files/SEGGER/SEGGER Embedded Studio for ARM 5.40c/lib/libc_v6m_t_le_eabi_small.a(libc2.o)
                              C:/Program Files/SEGGER/SEGGER Embedded Studio for ARM 5.40c/lib/libc_v6m_t_le_eabi_small.a(libvfscanf.o) (__getc)
C:/Program Files/SEGGER/SEGGER Embedded Studio for ARM 5.40c/lib/libc_v6m_t_le_eabi_small.a(libc2_asm.o)
                              C:/Program Files/SEGGER/SEGGER Embedded Studio for ARM 5.40c/lib/libc_v6m_t_le_eabi_small.a(libc2.o) (memcpy)
C:/Program Files/SEGGER/SEGGER Embedded Studio for ARM 5.40c/lib/libc_v6m_t_le_eabi_small.a(libc.o)
                              C:/Program Files/SEGGER/SEGGER Embedded Studio for ARM 5.40c/lib/libc_v6m_t_le_eabi_small.a(libc2.o) (__heap_lock)
C:/Program Files/SEGGER/SEGGER Embedded Studio for ARM 5.40c/lib/libdebugio_v6m_t_le_eabi_small.a(libdebugio.o)
                              Output/Debug/Obj/Flashloader/thumb_crt0.o (debug_fopen)
C:/Program Files/SEGGER/SEGGER Embedded Studio for ARM 5.40c/lib/libdebugio_v6m_t_le_eabi_small.a(do_nv_debug_operation.o)
                              C:/Program Files/SEGGER/SEGGER Embedded Studio for ARM 5.40c/lib/libdebugio_v6m_t_le_eabi_small.a(libdebugio.o) (__do_nvdebug_operation)
C:/Program Files/SEGGER/SEGGER Embedded Studio for ARM 5.40c/lib/libdebugio_v6m_t_le_eabi_small.a(mempoll_debug_operations.o)
                              (__do_debug_operation_mempoll)
C:/Program Files/SEGGER/SEGGER Embedded Studio for ARM 5.40c/lib/libm_v6m_t_le_eabi_small.a(libm_asm.o)
                              C:/Program Files/SEGGER/SEGGER Embedded Studio for ARM 5.40c/lib/libc_v6m_t_le_eabi_small.a(libvfprintf.o) (__aeabi_fadd)
C:/Program Files/SEGGER/SEGGER Embedded Studio for ARM 5.40c/lib/libm_v6m_t_le_eabi_small.a(libm2.o)
                              C:/Program Files/SEGGER/SEGGER Embedded Studio for ARM 5.40c/lib/libc_v6m_t_le_eabi_small.a(libvfprintf.o) (frexp)

Discarded input sections

 .group         0x0000000000000000        0xc Output/Debug/Obj/Flashloader/FlashDev.o
 .group         0x0000000000000000        0xc Output/Debug/Obj/Flashloader/FlashDev.o
 .text          0x0000000000000000        0x0 Output/Debug/Obj/Flashloader/FlashDev.o
 .data          0x0000000000000000        0x0 Output/Debug/Obj/Flashloader/FlashDev.o
 .bss           0x0000000000000000        0x0 Output/Debug/Obj/Flashloader/FlashDev.o
 .group         0x0000000000000000        0xc Output/Debug/Obj/Flashloader/FlashPrg.o
 .group         0x0000000000000000        0xc Output/Debug/Obj/Flashloader/FlashPrg.o
 .group         0x0000000000000000        0xc Output/Debug/Obj/Flashloader/FlashPrg.o
 .group         0x0000000000000000        0xc Output/Debug/Obj/Flashloader/FlashPrg.o
 .group         0x0000000000000000        0xc Output/Debug/Obj/Flashloader/FlashPrg.o
 .group         0x0000000000000000        0xc Output/Debug/Obj/Flashloader/FlashPrg.o
 .text          0x0000000000000000        0x0 Output/Debug/Obj/Flashloader/FlashPrg.o
 .data          0x0000000000000000        0x0 Output/Debug/Obj/Flashloader/FlashPrg.o
 .bss           0x0000000000000000        0x0 Output/Debug/Obj/Flashloader/FlashPrg.o
 .bss._RestoreInfo
                0x0000000000000000        0x4 Output/Debug/Obj/Flashloader/FlashPrg.o
 .text.BlankCheck
                0x0000000000000000       0x74 Output/Debug/Obj/Flashloader/FlashPrg.o
 .text.SEGGER_OPEN_CalcCRC
                0x0000000000000000       0x44 Output/Debug/Obj/Flashloader/FlashPrg.o
 .text.SEGGER_OPEN_Program
                0x0000000000000000       0x80 Output/Debug/Obj/Flashloader/FlashPrg.o
 .text.SEGGER_OPEN_Erase
                0x0000000000000000       0x48 Output/Debug/Obj/Flashloader/FlashPrg.o
 .debug_macro   0x0000000000000000      0xa54 Output/Debug/Obj/Flashloader/FlashPrg.o
 .debug_macro   0x0000000000000000       0x28 Output/Debug/Obj/Flashloader/FlashPrg.o
 .group         0x0000000000000000        0xc Output/Debug/Obj/Flashloader/main.o
 .group         0x0000000000000000        0xc Output/Debug/Obj/Flashloader/main.o
 .group         0x0000000000000000        0xc Output/Debug/Obj/Flashloader/main.o
 .group         0x0000000000000000        0xc Output/Debug/Obj/Flashloader/main.o
 .group         0x0000000000000000        0xc Output/Debug/Obj/Flashloader/main.o
 .text          0x0000000000000000        0x0 Output/Debug/Obj/Flashloader/main.o
[...]
Memory Configuration

Name             Origin             Length             Attributes
UNPLACED_SECTIONS 0x0000000100000000 0x0000000000000000 xw
RAM              0x0000000020000000 0x0000000000020000 xw
*default*        0x0000000000000000 0xffffffffffffffff

Linker script and memory map

                0x0000000000000000                __do_debug_operation = __do_debug_operation_mempoll
                0x0000000000000000                __vfprintf = __vfprintf_int_nwp
                0x0000000000000000                __vfscanf = __vfscanf_int
                0x0000000020000000                __RAM_segment_start__ = 0x20000000
                0x0000000020020000                __RAM_segment_end__ = 0x20020000
                0x0000000000020000                __RAM_segment_size__ = 0x20000
                0x0000000000000000                __HEAPSIZE__ = 0x0
                0x0000000000000008                __STACKSIZE_PROCESS__ = 0x8
                0x0000000000000100                __STACKSIZE__ = 0x100
                0x0000000020000000                __vectors_load_start__ = 0x20000000

.vectors        0x0000000020000000       0x40
                0x0000000020000000                __vectors_start__ = .
 *(.vectors .vectors.*)
 .vectors       0x0000000020000000       0x40 Output/Debug/Obj/Flashloader/Cortex_M_Startup.o
                0x0000000020000000                _vectors
                0x0000000020000040                __vectors_end__ = (__vectors_start__ + SIZEOF (.vectors))
                0x0000000000000040                __vectors_size__ = SIZEOF (.vectors)
                0x0000000020000040                __vectors_load_end__ = __vectors_end__
                0x0000000000000001                . = ASSERT (((__vectors_start__ == __vectors_end__) || ((__vectors_end__ - __RAM_segment_start__) <= __RAM_segment_size__)), error: .vectors is too large to fit in RAM memory segment)
                0x0000000020000040                __PrgCode_load_start__ = ALIGN (__vectors_end__, 0x4)

PrgCode         0x0000000020000040        0x0
                0x0000000020000040                __PrgCode_start__ = .
 *(PrgCode PrgCode.*)
                0x0000000020000040                __PrgCode_end__ = (__PrgCode_start__ + SIZEOF (PrgCode))
                0x0000000000000000                __PrgCode_size__ = SIZEOF (PrgCode)
                0x0000000020000040                __PrgCode_load_end__ = __PrgCode_end__
                0x0000000000000001                . = ASSERT (((__PrgCode_start__ == __PrgCode_end__) || ((__PrgCode_end__ - __RAM_segment_start__) <= __RAM_segment_size__)), error: PrgCode is too large to fit in RAM memory segment)
                0x0000000020000040                __fast_load_start__ = ALIGN (__PrgCode_end__, 0x4)

.fast           0x0000000020000040        0x0
                0x0000000020000040                __fast_start__ = .
 *(.fast .fast.*)
                0x0000000020000040                __fast_end__ = (__fast_start__ + SIZEOF (.fast))
                0x0000000000000000                __fast_size__ = SIZEOF (.fast)
                0x0000000020000040                __fast_load_end__ = __fast_end__
                0x0000000000000001                . = ASSERT (((__fast_start__ == __fast_end__) || ((__fast_end__ - __RAM_segment_start__) <= __RAM_segment_size__)), error: .fast is too large to fit in RAM memory segment)
                0x0000000020000040                __init_load_start__ = ALIGN (__fast_end__, 0x4)

.init           0x0000000020000040      0x184
                0x0000000020000040                __init_start__ = .
 *(.init .init.*)
 .init.NMI_Handler
                0x0000000020000040        0x2 Output/Debug/Obj/Flashloader/Cortex_M_Startup.o
                0x0000000020000040                NMI_Handler
 .init.MemManage_Handler
                0x0000000020000042        0x2 Output/Debug/Obj/Flashloader/Cortex_M_Startup.o
                0x0000000020000042                MemManage_Handler
 .init.BusFault_Handler
                0x0000000020000044        0x2 Output/Debug/Obj/Flashloader/Cortex_M_Startup.o
                0x0000000020000044                BusFault_Handler
 .init.UsageFault_Handler
                0x0000000020000046        0x2 Output/Debug/Obj/Flashloader/Cortex_M_Startup.o
                0x0000000020000046                UsageFault_Handler
 .init.SVC_Handler
                0x0000000020000048        0x2 Output/Debug/Obj/Flashloader/Cortex_M_Startup.o
                0x0000000020000048                SVC_Handler
 .init.DebugMon_Handler
                0x000000002000004a        0x2 Output/Debug/Obj/Flashloader/Cortex_M_Startup.o
                0x000000002000004a                DebugMon_Handler
 .init.PendSV_Handler
                0x000000002000004c        0x2 Output/Debug/Obj/Flashloader/Cortex_M_Startup.o
                0x000000002000004c                PendSV_Handler
 .init.SysTick_Handler
                0x000000002000004e        0x2 Output/Debug/Obj/Flashloader/Cortex_M_Startup.o
                0x000000002000004e                SysTick_Handler
 .init.Reset_Handler
                0x0000000020000050        0x8 Output/Debug/Obj/Flashloader/Cortex_M_Startup.o
                0x0000000020000050                Reset_Handler
                0x0000000020000050                reset_handler
 .init.HardFault_Handler
                0x0000000020000058       0x30 Output/Debug/Obj/Flashloader/Cortex_M_Startup.o
                0x0000000020000058                HardFault_Handler
 .init          0x0000000020000088      0x13c Output/Debug/Obj/Flashloader/thumb_crt0.o
                0x0000000020000088                _start
                0x0000000020000128                exit
                0x00000000200001c4                __init_end__ = (__init_start__ + SIZEOF (.init))
                0x0000000000000184                __init_size__ = SIZEOF (.init)
                0x00000000200001c4                __init_load_end__ = __init_end__
                0x0000000000000001                . = ASSERT (((__init_start__ == __init_end__) || ((__init_end__ - __RAM_segment_start__) <= __RAM_segment_size__)), error: .init is too large to fit in RAM memory segment)
                0x00000000200001c4                __init_rodata_load_start__ = ALIGN (__init_end__, 0x4)

.init_rodata    0x00000000200001c4        0x0
                0x00000000200001c4                __init_rodata_start__ = .
 *(.init_rodata .init_rodata.*)
                0x00000000200001c4                __init_rodata_end__ = (__init_rodata_start__ + SIZEOF (.init_rodata))
                0x0000000000000000                __init_rodata_size__ = SIZEOF (.init_rodata)
                0x00000000200001c4                __init_rodata_load_end__ = __init_rodata_end__
                0x0000000000000001                . = ASSERT (((__init_rodata_start__ == __init_rodata_end__) || ((__init_rodata_end__ - __RAM_segment_start__) <= __RAM_segment_size__)), error: .init_rodata is too large to fit in RAM memory segment)
                0x00000000200001c4                __text_load_start__ = ALIGN (__init_rodata_end__, 0x4)

.text           0x00000000200001c4      0x888
                0x00000000200001c4                __text_start__ = .
 *(.text .text.* .glue_7t .glue_7 .gnu.linkonce.t.* .gcc_except_table .ARM.extab* .gnu.linkonce.armextab.*)
 .glue_7        0x00000000200001c4        0x0 linker stubs
 .glue_7t       0x00000000200001c4        0x0 linker stubs
 .text._FeedWatchdog
                0x00000000200001c4        0x4 Output/Debug/Obj/Flashloader/FlashPrg.o
 .text.Init     0x00000000200001c8       0x44 Output/Debug/Obj/Flashloader/FlashPrg.o
                0x00000000200001c8                Init
 .text.UnInit   0x000000002000020c       0x40 Output/Debug/Obj/Flashloader/FlashPrg.o
                0x000000002000020c                UnInit
 .text.EraseSector
                0x000000002000024c       0x44 Output/Debug/Obj/Flashloader/FlashPrg.o
                0x000000002000024c                EraseSector
 .text.ProgramPage
                0x0000000020000290       0x48 Output/Debug/Obj/Flashloader/FlashPrg.o
                0x0000000020000290                ProgramPage
 .text.main     0x00000000200002d8       0x64 Output/Debug/Obj/Flashloader/main.o
                0x00000000200002d8                main
 .text.SystemInit
                0x000000002000033c       0x18 Output/Debug/Obj/Flashloader/Setup.o
                0x000000002000033c                SystemInit
 .text.HAL_Init
                0x0000000020000354       0x44 Output/Debug/Obj/Flashloader/Setup.o
                0x0000000020000354                HAL_Init
 .text.HAL_NVIC_SetPriorityGrouping
                0x0000000020000398       0x40 Output/Debug/Obj/Flashloader/Setup.o
                0x0000000020000398                HAL_NVIC_SetPriorityGrouping
 .text.SystemClock_Config
                0x00000000200003d8      0x108 Output/Debug/Obj/Flashloader/Setup.o
                0x00000000200003d8                SystemClock_Config
 .text.GPIO_Init
                0x00000000200004e0      0x3e4 Output/Debug/Obj/Flashloader/Setup.o
                0x00000000200004e0                GPIO_Init
 .text.UART4_Init
                0x00000000200008c4      0x108 Output/Debug/Obj/Flashloader/Setup.o
                0x00000000200008c4                UART4_Init
 .text.GPIO_TogglePin
                0x00000000200009cc       0x40 Output/Debug/Obj/Flashloader/Setup.o
                0x00000000200009cc                GPIO_TogglePin
 .text.UART_Transmit
                0x0000000020000a0c       0x40 Output/Debug/Obj/Flashloader/Setup.o
                0x0000000020000a0c                UART_Transmit
                0x0000000020000a4c                __text_end__ = (__text_start__ + SIZEOF (.text))
                0x0000000000000888                __text_size__ = SIZEOF (.text)
                0x0000000020000a4c                __text_load_end__ = __text_end__

.vfp11_veneer   0x0000000100000000        0x0
 .vfp11_veneer  0x0000000100000000        0x0 linker stubs

.v4_bx          0x0000000100000000        0x0
 .v4_bx         0x0000000100000000        0x0 linker stubs

.iplt           0x0000000100000000        0x0
 .iplt          0x0000000100000000        0x0 Output/Debug/Obj/Flashloader/FlashPrg.o
                0x0000000000000001                . = ASSERT (((__text_start__ == __text_end__) || ((__text_end__ - __RAM_segment_start__) <= __RAM_segment_size__)), error: .text is too large to fit in RAM memory segment)
                0x0000000020000a4c                __dtors_load_start__ = ALIGN (__text_end__, 0x4)

.dtors          0x0000000020000a4c        0x0
                0x0000000020000a4c                __dtors_start__ = .
 *(SORT_BY_NAME(.dtors.*))
 *(.dtors)
 *(.fini_array)
 *(SORT_BY_NAME(.fini_array.*))
                0x0000000020000a4c                __dtors_end__ = (__dtors_start__ + SIZEOF (.dtors))
                0x0000000000000000                __dtors_size__ = SIZEOF (.dtors)
                0x0000000020000a4c                __dtors_load_end__ = __dtors_end__
                0x0000000000000001                . = ASSERT (((__dtors_start__ == __dtors_end__) || ((__dtors_end__ - __RAM_segment_start__) <= __RAM_segment_size__)), error: .dtors is too large to fit in RAM memory segment)
                0x0000000020000a4c                __ctors_load_start__ = ALIGN (__dtors_end__, 0x4)

.ctors          0x0000000020000a4c        0x0
                0x0000000020000a4c                __ctors_start__ = .
 *(SORT_BY_NAME(.ctors.*))
 *(.ctors)
 *(.init_array)
 *(SORT_BY_NAME(.init_array.*))
                0x0000000020000a4c                __ctors_end__ = (__ctors_start__ + SIZEOF (.ctors))
                0x0000000000000000                __ctors_size__ = SIZEOF (.ctors)
                0x0000000020000a4c                __ctors_load_end__ = __ctors_end__
                0x0000000000000001                . = ASSERT (((__ctors_start__ == __ctors_end__) || ((__ctors_end__ - __RAM_segment_start__) <= __RAM_segment_size__)), error: .ctors is too large to fit in RAM memory segment)
                0x0000000020000a4c                __data_load_start__ = ALIGN (__ctors_end__, 0x4)

.data           0x0000000020000a4c        0x0
                0x0000000020000a4c                __data_start__ = .
 *(.data .data.* .gnu.linkonce.d.*)
                0x0000000020000a4c                __data_end__ = (__data_start__ + SIZEOF (.data))
                0x0000000000000000                __data_size__ = SIZEOF (.data)
                0x0000000020000a4c                __data_load_end__ = __data_end__

.igot.plt       0x0000000100000000        0x0
 .igot.plt      0x0000000100000000        0x0 Output/Debug/Obj/Flashloader/FlashPrg.o
                0x0000000000000001                . = ASSERT (((__data_start__ == __data_end__) || ((__data_end__ - __RAM_segment_start__) <= __RAM_segment_size__)), error: .data is too large to fit in RAM memory segment)
                0x0000000020000a4c                __tdata_load_start__ = ALIGN (__data_end__, 0x4)

.tdata          0x0000000020000a4c        0x0
                0x0000000020000a4c                __tdata_start__ = .
 *(.tdata .tdata.*)
                0x0000000020000a4c                __tdata_end__ = (__tdata_start__ + SIZEOF (.tdata))
                0x0000000000000000                __tdata_size__ = SIZEOF (.tdata)
                0x0000000020000a4c                __tdata_load_end__ = __tdata_end__
                0x0000000000000001                . = ASSERT (((__tdata_start__ == __tdata_end__) || ((__tdata_end__ - __RAM_segment_start__) <= __RAM_segment_size__)), error: .tdata is too large to fit in RAM memory segment)
                0x0000000020000a4c                __PrgData_load_start__ = ALIGN (__tdata_end__, 0x4)

PrgData         0x0000000020000a4c        0x0
                0x0000000020000a4c                __PrgData_start__ = .
 *(PrgData PrgData.*)
                0x0000000020000a4c                __PrgData_end__ = (__PrgData_start__ + SIZEOF (PrgData))
                0x0000000000000000                __PrgData_size__ = SIZEOF (PrgData)
                0x0000000020000a4c                __PrgData_load_end__ = __PrgData_end__
                0x0000000000000001                . = ASSERT (((__PrgData_start__ == __PrgData_end__) || ((__PrgData_end__ - __RAM_segment_start__) <= __RAM_segment_size__)), error: PrgData is too large to fit in RAM memory segment)
                0x0000000020000a4c                __rodata_load_start__ = ALIGN (__PrgData_end__, 0x4)

.rodata         0x0000000020000a4c      0x220
                0x0000000020000a4c                __rodata_start__ = .
 *(.rodata .rodata.* .gnu.linkonce.r.*)
 .rodata        0x0000000020000a4c       0x16 Output/Debug/Obj/Flashloader/FlashPrg.o
 *fill*         0x0000000020000a62        0x2 
 .rodata._acTestData
                0x0000000020000a64      0x200 Output/Debug/Obj/Flashloader/main.o
 .rodata.APBPrescTable
                0x0000000020000c64        0x8 Output/Debug/Obj/Flashloader/Setup.o
                0x0000000020000c64                APBPrescTable
                0x0000000020000c6c                __rodata_end__ = (__rodata_start__ + SIZEOF (.rodata))
                0x0000000000000220                __rodata_size__ = SIZEOF (.rodata)
                0x0000000020000c6c                __rodata_load_end__ = __rodata_end__
                0x0000000000000001                . = ASSERT (((__rodata_start__ == __rodata_end__) || ((__rodata_end__ - __RAM_segment_start__) <= __RAM_segment_size__)), error: .rodata is too large to fit in RAM memory segment)
                0x0000000020000c6c                __ARM.exidx_load_start__ = ALIGN (__rodata_end__, 0x4)

.ARM.exidx      0x0000000020000c6c        0x0
                0x0000000020000c6c                __ARM.exidx_start__ = .
                0x0000000020000c6c                __exidx_start = __ARM.exidx_start__
 *(.ARM.exidx .ARM.exidx.*)
                0x0000000020000c6c                __ARM.exidx_end__ = (__ARM.exidx_start__ + SIZEOF (.ARM.exidx))
                0x0000000000000000                __ARM.exidx_size__ = SIZEOF (.ARM.exidx)
                0x0000000020000c6c                __exidx_end = __ARM.exidx_end__
                0x0000000020000c6c                __ARM.exidx_load_end__ = __ARM.exidx_end__
                0x0000000000000001                . = ASSERT (((__ARM.exidx_start__ == __ARM.exidx_end__) || ((__ARM.exidx_end__ - __RAM_segment_start__) <= __RAM_segment_size__)), error: .ARM.exidx is too large to fit in RAM memory segment)
                0x0000000020000c6c                __bss_load_start__ = ALIGN (__ARM.exidx_end__, 0x4)

.bss            0x0000000020000c6c        0x0
                0x0000000020000c6c                __bss_start__ = .
 *(.bss .bss.* .gnu.linkonce.b.*)
 *(COMMON)
                0x0000000020000c6c                __bss_end__ = (__bss_start__ + SIZEOF (.bss))
                0x0000000000000000                __bss_size__ = SIZEOF (.bss)
                0x0000000020000c6c                __bss_load_end__ = __bss_end__
                0x0000000000000001                . = ASSERT (((__bss_start__ == __bss_end__) || ((__bss_end__ - __RAM_segment_start__) <= __RAM_segment_size__)), error: .bss is too large to fit in RAM memory segment)
                0x0000000020000c6c                __tbss_load_start__ = ALIGN (__bss_end__, 0x4)

.tbss           0x0000000020000c6c        0x0
                0x0000000020000c6c                __tbss_start__ = .
 *(.tbss .tbss.*)
                0x0000000020000c6c                __tbss_end__ = (__tbss_start__ + SIZEOF (.tbss))
                0x0000000000000000                __tbss_size__ = SIZEOF (.tbss)
                0x0000000020000c6c                __tbss_load_end__ = __tbss_end__
                0x0000000000000001                . = ASSERT (((__tbss_start__ == __tbss_end__) || ((__tbss_end__ - __RAM_segment_start__) <= __RAM_segment_size__)), error: .tbss is too large to fit in RAM memory segment)
                0x0000000020000c6c                __non_init_load_start__ = ALIGN (__tbss_end__, 0x4)

.non_init       0x0000000020000c6c        0x0
                0x0000000020000c6c                __non_init_start__ = .
 *(.non_init .non_init.*)
                0x0000000020000c6c                __non_init_end__ = (__non_init_start__ + SIZEOF (.non_init))
                0x0000000000000000                __non_init_size__ = SIZEOF (.non_init)
                0x0000000020000c6c                __non_init_load_end__ = __non_init_end__
                0x0000000000000001                . = ASSERT (((__non_init_start__ == __non_init_end__) || ((__non_init_end__ - __RAM_segment_start__) <= __RAM_segment_size__)), error: .non_init is too large to fit in RAM memory segment)
                0x0000000020000c6c                __heap_load_start__ = ALIGN (__non_init_end__, 0x4)

.heap           0x0000000020000c6c        0x0
                0x0000000020000c6c                __heap_start__ = .
 *(.heap .heap.*)
                0x0000000020000c6c                . = ALIGN (MAX ((__heap_start__ + __HEAPSIZE__), .), 0x4)
                0x0000000020000c6c                __heap_end__ = (__heap_start__ + SIZEOF (.heap))
                0x0000000000000000                __heap_size__ = SIZEOF (.heap)
                0x0000000020000c6c                __heap_load_end__ = __heap_end__
                0x0000000000000001                . = ASSERT (((__heap_start__ == __heap_end__) || ((__heap_end__ - __RAM_segment_start__) <= __RAM_segment_size__)), error: .heap is too large to fit in RAM memory segment)
                0x0000000020000c70                __stack_load_start__ = ALIGN (__heap_end__, 0x8)

.stack          0x0000000020000c70      0x100
                0x0000000020000c70                __stack_start__ = .
 *(.stack .stack.*)
                0x0000000020000d70                . = ALIGN (MAX ((__stack_start__ + __STACKSIZE__), .), 0x8)
 *fill*         0x0000000020000c70      0x100 
                0x0000000020000d70                __stack_end__ = (__stack_start__ + SIZEOF (.stack))
                0x0000000000000100                __stack_size__ = SIZEOF (.stack)
                0x0000000020000d70                __stack_load_end__ = __stack_end__
                0x0000000000000001                . = ASSERT (((__stack_start__ == __stack_end__) || ((__stack_end__ - __RAM_segment_start__) <= __RAM_segment_size__)), error: .stack is too large to fit in RAM memory segment)
                0x0000000020000d70                __stack_process_load_start__ = ALIGN (__stack_end__, 0x8)

.stack_process  0x0000000020000d70        0x8
                0x0000000020000d70                __stack_process_start__ = .
 *(.stack_process .stack_process.*)
                0x0000000020000d78                . = ALIGN (MAX ((__stack_process_start__ + __STACKSIZE_PROCESS__), .), 0x8)
 *fill*         0x0000000020000d70        0x8 
                0x0000000020000d78                __stack_process_end__ = (__stack_process_start__ + SIZEOF (.stack_process))
                0x0000000000000008                __stack_process_size__ = SIZEOF (.stack_process)
                0x0000000020000d78                __stack_process_load_end__ = __stack_process_end__
                0x0000000000000001                . = ASSERT (((__stack_process_start__ == __stack_process_end__) || ((__stack_process_end__ - __RAM_segment_start__) <= __RAM_segment_size__)), error: .stack_process is too large to fit in RAM memory segment)
                0x0000000020000d78                __DevDscr_load_start__ = ALIGN (__stack_process_end__, 0x4)

DevDscr         0x0000000020000d78       0xc0
                0x0000000020000d78                __DevDscr_start__ = .
 *(DevDscr DevDscr.*)
 DevDscr        0x0000000020000d78       0xc0 Output/Debug/Obj/Flashloader/FlashDev.o
                0x0000000020000d78                FlashDevice
                0x0000000020000e38                __DevDscr_end__ = (__DevDscr_start__ + SIZEOF (DevDscr))
                0x00000000000000c0                __DevDscr_size__ = SIZEOF (DevDscr)
                0x0000000020000e38                __DevDscr_load_end__ = __DevDscr_end__
                0x0000000020000e38                __RAM_segment_used_end__ = (ALIGN (__stack_process_end__, 0x4) + SIZEOF (DevDscr))
                0x0000000000000e38                __RAM_segment_used_size__ = (__RAM_segment_used_end__ - __RAM_segment_start__)
                0x0000000000000001                . = ASSERT (((__DevDscr_start__ == __DevDscr_end__) || ((__DevDscr_end__ - __RAM_segment_start__) <= __RAM_segment_size__)), error: DevDscr is too large to fit in RAM memory segment)
START GROUP
LOAD Output/Debug/Obj/Flashloader/FlashDev.o
LOAD Output/Debug/Obj/Flashloader/FlashPrg.o
LOAD Src/SEGGER_OFL_Lib_CortexM_LE.a
LOAD Output/Debug/Obj/Flashloader/main.o
LOAD Output/Debug/Obj/Flashloader/Cortex_M_Startup.o
LOAD Output/Debug/Obj/Flashloader/thumb_crt0.o
LOAD Output/Debug/Obj/Flashloader/Setup.o
LOAD C:/Program Files/SEGGER/SEGGER Embedded Studio for ARM 5.40c/lib/libm_v6m_t_le_eabi_small.a
LOAD C:/Program Files/SEGGER/SEGGER Embedded Studio for ARM 5.40c/lib/libc_v6m_t_le_eabi_small.a
LOAD C:/Program Files/SEGGER/SEGGER Embedded Studio for ARM 5.40c/lib/libdebugio_v6m_t_le_eabi_small.a
END GROUP
OUTPUT(Output/Debug/Exe/Flashloader.elf elf32-littlearm)
LOAD linker stubs

.rel.dyn        0x0000000000000004        0x0
 .rel.iplt      0x0000000000000004        0x0 Output/Debug/Obj/Flashloader/FlashPrg.o

.debug_info     0x0000000000000000      0xceb
 .debug_info    0x0000000000000000      0x141 Output/Debug/Obj/Flashloader/FlashDev.o
 .debug_info    0x0000000000000141      0x411 Output/Debug/Obj/Flashloader/FlashPrg.o
 .debug_info    0x0000000000000552       0xac Output/Debug/Obj/Flashloader/main.o
 .debug_info    0x00000000000005fe       0x22 Output/Debug/Obj/Flashloader/Cortex_M_Startup.o
 .debug_info    0x0000000000000620       0x22 Output/Debug/Obj/Flashloader/thumb_crt0.o
 .debug_info    0x0000000000000642      0x6a9 Output/Debug/Obj/Flashloader/Setup.o

.debug_abbrev   0x0000000000000000      0x456
 .debug_abbrev  0x0000000000000000       0x7a Output/Debug/Obj/Flashloader/FlashDev.o
 .debug_abbrev  0x000000000000007a      0x14c Output/Debug/Obj/Flashloader/FlashPrg.o
 .debug_abbrev  0x00000000000001c6       0x87 Output/Debug/Obj/Flashloader/main.o
 .debug_abbrev  0x000000000000024d       0x12 Output/Debug/Obj/Flashloader/Cortex_M_Startup.o
 .debug_abbrev  0x000000000000025f       0x12 Output/Debug/Obj/Flashloader/thumb_crt0.o
 .debug_abbrev  0x0000000000000271      0x1e5 Output/Debug/Obj/Flashloader/Setup.o

.debug_pubnames
                0x0000000000000000      0x228
 .debug_pubnames
                0x0000000000000000       0x22 Output/Debug/Obj/Flashloader/FlashDev.o
 .debug_pubnames
                0x0000000000000022       0xcf Output/Debug/Obj/Flashloader/FlashPrg.o
 .debug_pubnames
                0x00000000000000f1       0x2b Output/Debug/Obj/Flashloader/main.o
 .debug_pubnames
                0x000000000000011c      0x10c Output/Debug/Obj/Flashloader/Setup.o

.debug_pubtypes
                0x0000000000000000      0x335
 .debug_pubtypes
                0x0000000000000000       0x8a Output/Debug/Obj/Flashloader/FlashDev.o
 .debug_pubtypes
                0x000000000000008a      0x123 Output/Debug/Obj/Flashloader/FlashPrg.o
 .debug_pubtypes
                0x00000000000001ad       0x80 Output/Debug/Obj/Flashloader/main.o
 .debug_pubtypes
                0x000000000000022d      0x108 Output/Debug/Obj/Flashloader/Setup.o

.debug_aranges  0x0000000000000000      0x200
 .debug_aranges
                0x0000000000000000       0x18 Output/Debug/Obj/Flashloader/FlashDev.o
 .debug_aranges
                0x0000000000000018       0x60 Output/Debug/Obj/Flashloader/FlashPrg.o
 .debug_aranges
                0x0000000000000078       0x20 Output/Debug/Obj/Flashloader/main.o
 .debug_aranges
                0x0000000000000098       0x68 Output/Debug/Obj/Flashloader/Cortex_M_Startup.o
 .debug_aranges
                0x0000000000000100       0x98 Output/Debug/Obj/Flashloader/thumb_crt0.o
 .debug_aranges
                0x0000000000000198       0x68 Output/Debug/Obj/Flashloader/Setup.o

.debug_macro    0x0000000000000000     0x1395
 .debug_macro   0x0000000000000000       0x1a Output/Debug/Obj/Flashloader/FlashDev.o
 .debug_macro   0x000000000000001a      0xa54 Output/Debug/Obj/Flashloader/FlashDev.o
 .debug_macro   0x0000000000000a6e       0x28 Output/Debug/Obj/Flashloader/FlashDev.o
 .debug_macro   0x0000000000000a96       0x8c Output/Debug/Obj/Flashloader/FlashPrg.o
 .debug_macro   0x0000000000000b22       0x89 Output/Debug/Obj/Flashloader/FlashPrg.o
 .debug_macro   0x0000000000000bab       0x1c Output/Debug/Obj/Flashloader/FlashPrg.o
 .debug_macro   0x0000000000000bc7      0x1a3 Output/Debug/Obj/Flashloader/FlashPrg.o
 .debug_macro   0x0000000000000d6a      0x539 Output/Debug/Obj/Flashloader/FlashPrg.o
 .debug_macro   0x00000000000012a3       0x47 Output/Debug/Obj/Flashloader/main.o
 .debug_macro   0x00000000000012ea       0x10 Output/Debug/Obj/Flashloader/main.o
 .debug_macro   0x00000000000012fa       0x72 Output/Debug/Obj/Flashloader/main.o
 .debug_macro   0x000000000000136c       0x29 Output/Debug/Obj/Flashloader/Setup.o

.debug_line     0x0000000000000000      0xc4d
 .debug_line    0x0000000000000000       0x86 Output/Debug/Obj/Flashloader/FlashDev.o
 .debug_line    0x0000000000000086      0x291 Output/Debug/Obj/Flashloader/FlashPrg.o
 .debug_line    0x0000000000000317      0x12e Output/Debug/Obj/Flashloader/main.o
 .debug_line    0x0000000000000445      0x123 Output/Debug/Obj/Flashloader/Cortex_M_Startup.o
 .debug_line    0x0000000000000568      0x208 Output/Debug/Obj/Flashloader/thumb_crt0.o
 .debug_line    0x0000000000000770      0x4dd Output/Debug/Obj/Flashloader/Setup.o

.debug_str      0x0000000000000000     0x5795
 .debug_str     0x0000000000000000     0x2b28 Output/Debug/Obj/Flashloader/FlashDev.o
                                       0x2b68 (size before relaxing)
 .debug_str     0x0000000000002b28     0x274a Output/Debug/Obj/Flashloader/FlashPrg.o
                                       0x5214 (size before relaxing)
 .debug_str     0x0000000000005272      0x172 Output/Debug/Obj/Flashloader/main.o
                                       0x2e70 (size before relaxing)
 .debug_str     0x00000000000053e4       0x8b Output/Debug/Obj/Flashloader/Cortex_M_Startup.o
 .debug_str     0x000000000000546f       0x42 Output/Debug/Obj/Flashloader/thumb_crt0.o
                                         0x85 (size before relaxing)
 .debug_str     0x00000000000054b1      0x2e4 Output/Debug/Obj/Flashloader/Setup.o
                                       0x4f52 (size before relaxing)

.comment        0x0000000000000000       0x25
 .comment       0x0000000000000000       0x25 Output/Debug/Obj/Flashloader/FlashDev.o
                                         0x26 (size before relaxing)
 .comment       0x0000000000000025       0x26 Output/Debug/Obj/Flashloader/FlashPrg.o
 .comment       0x0000000000000025       0x26 Output/Debug/Obj/Flashloader/main.o
 .comment       0x0000000000000025       0x26 Output/Debug/Obj/Flashloader/Setup.o

.ARM.attributes
                0x0000000000000000       0x2f
 .ARM.attributes
                0x0000000000000000       0x31 Output/Debug/Obj/Flashloader/FlashDev.o
 .ARM.attributes
                0x0000000000000031       0x31 Output/Debug/Obj/Flashloader/FlashPrg.o
 .ARM.attributes
                0x0000000000000062       0x31 Output/Debug/Obj/Flashloader/main.o
 .ARM.attributes
                0x0000000000000093       0x21 Output/Debug/Obj/Flashloader/Cortex_M_Startup.o
 .ARM.attributes
                0x00000000000000b4       0x21 Output/Debug/Obj/Flashloader/thumb_crt0.o
 .ARM.attributes
                0x00000000000000d5       0x31 Output/Debug/Obj/Flashloader/Setup.o

.debug_frame    0x0000000000000000      0x24c
 .debug_frame   0x0000000000000000      0x120 Output/Debug/Obj/Flashloader/FlashPrg.o
 .debug_frame   0x0000000000000120       0x30 Output/Debug/Obj/Flashloader/main.o
 .debug_frame   0x0000000000000150       0xfc Output/Debug/Obj/Flashloader/Setup.o

.debug_ranges   0x0000000000000000      0x1a8
 .debug_ranges  0x0000000000000000       0x50 Output/Debug/Obj/Flashloader/FlashPrg.o
 .debug_ranges  0x0000000000000050       0x10 Output/Debug/Obj/Flashloader/main.o
 .debug_ranges  0x0000000000000060       0x60 Output/Debug/Obj/Flashloader/Cortex_M_Startup.o
 .debug_ranges  0x00000000000000c0       0x90 Output/Debug/Obj/Flashloader/thumb_crt0.o
 .debug_ranges  0x0000000000000150       0x58 Output/Debug/Obj/Flashloader/Setup.o
